// Jest Snapshot v1, https://goo.gl/fbAQLP

exports[`Test SearchByButton component matches snapshot 1`] = `
<button
  className="button button_active"
  onClick={[Function]}
/>
`;
